// Jest Snapshot v1, https://goo.gl/fbAQLP

exports[`rendering snapshots should render valid snapshot 1`] = `
<Styled(Modal)
  backdrop={true}
  data-spec="upsert-public-view-modal"
  isOpen={true}
  toggle={[MockFunction]}
>
  <AvForm
    data-spec="upsert-public-view-modal-form"
    method="get"
    model={Object {}}
    onInvalidSubmit={[Function]}
    onKeyDown={[Function]}
    onSubmit={[Function]}
    onValidSubmit={[Function]}
    tag={[Function]}
    validationEvent={
      Array [
        "onChange",
        "onInput",
      ]
    }
  >
    <ModalHeader
      charCode={215}
      closeAriaLabel="Close"
      data-spec="upsert-public-view-modal-header"
      tag="h5"
      toggle={[MockFunction]}
      wrapTag="div"
    >
      Edit Public View
    </ModalHeader>
    <ModalBody
      tag="div"
    >
      <TooltipForm
        Renderable="UpsertPublicViewForm"
        characters={
          Array [
            Object {
              "characterId": 2,
            },
            Object {
              "characterId": 3,
            },
          ]
        }
        columns={
          Object {
            "TEST_COLUMN": Object {
              "key": "column1",
            },
          }
        }
        handleInputChange={[Function]}
        tags={
          Array [
            "tag1",
            "tag2",
          ]
        }
        viewToEdit={
          Object {
            "id": "1",
          }
        }
      />
    </ModalBody>
    <ModalFooter
      tag="div"
    >
      <Button
        color="primary"
        tag="button"
      >
        Submit Public View
      </Button>
       
      <Button
        color="secondary"
        data-spec="upsert-public-view-modal-close-button"
        onClick={[MockFunction]}
        tag="button"
      >
        Cancel
      </Button>
    </ModalFooter>
  </AvForm>
</Styled(Modal)>
`;

exports[`rendering snapshots should render valid snapshot if view is new 1`] = `
<Styled(Modal)
  backdrop={true}
  data-spec="upsert-public-view-modal"
  isOpen={true}
  toggle={[MockFunction]}
>
  <AvForm
    data-spec="upsert-public-view-modal-form"
    method="get"
    model={Object {}}
    onInvalidSubmit={[Function]}
    onKeyDown={[Function]}
    onSubmit={[Function]}
    onValidSubmit={[Function]}
    tag={[Function]}
    validationEvent={
      Array [
        "onChange",
        "onInput",
      ]
    }
  >
    <ModalHeader
      charCode={215}
      closeAriaLabel="Close"
      data-spec="upsert-public-view-modal-header"
      tag="h5"
      toggle={[MockFunction]}
      wrapTag="div"
    >
      Add Public View
    </ModalHeader>
    <ModalBody
      tag="div"
    >
      <TooltipForm
        Renderable="UpsertPublicViewForm"
        characters={
          Array [
            Object {
              "characterId": 2,
            },
            Object {
              "characterId": 3,
            },
          ]
        }
        columns={
          Object {
            "TEST_COLUMN": Object {
              "key": "column1",
            },
          }
        }
        handleInputChange={[Function]}
        tags={
          Array [
            "tag1",
            "tag2",
          ]
        }
        viewToEdit={Object {}}
      />
    </ModalBody>
    <ModalFooter
      tag="div"
    >
      <Button
        color="primary"
        tag="button"
      >
        Submit Public View
      </Button>
       
      <Button
        color="secondary"
        data-spec="upsert-public-view-modal-close-button"
        onClick={[MockFunction]}
        tag="button"
      >
        Cancel
      </Button>
    </ModalFooter>
  </AvForm>
</Styled(Modal)>
`;
