// Jest Snapshot v1, https://goo.gl/fbAQLP

exports[`rendering snapshots should render valid snapshot 1`] = `
<div
  style={
    Object {
      "display": "inline",
    }
  }
>
  <NavbarToggler
    className="d-lg-none"
    data-spec="header-logo-block-mobile-toggler"
    onClick={[MockFunction]}
    tag="button"
    type="button"
  >
    ☰
  </NavbarToggler>
  <Link
    className="d-none d-sm-inline-block navbar-brand"
    href="/"
    replace={false}
    to="/"
  >
    RPTHREADTRACKER
  </Link>
  <NavbarToggler
    className="d-md-down-none"
    data-spec="header-logo-block-sidebar-toggler"
    onClick={[MockFunction]}
    tag="button"
    type="button"
  >
    ☰
  </NavbarToggler>
</div>
`;
