// Jest Snapshot v1, https://goo.gl/fbAQLP

exports[`rendering snapshots should render valid snapshot 1`] = `
<div
  className="animated fadeIn static-container help-container"
>
  <Row
    tag="div"
  >
    <Col
      className="d-lg-none text-center"
      tag="div"
      widths={
        Array [
          "xs",
          "sm",
          "md",
          "lg",
          "xl",
        ]
      }
    >
      <StaticDropdownNav
        activeTab="/help/tab1"
        data-spec="help-static-dropdown-nav"
        options={
          Array [
            Object {
              "href": "/help/tab1",
              "name": "Tab 1",
            },
            Object {
              "href": "/help/tab2",
              "name": "Tab 2",
            },
          ]
        }
      />
    </Col>
  </Row>
  <Row
    tag="div"
  >
    <Col
      className="d-none d-lg-block"
      md={3}
      tag="div"
      widths={
        Array [
          "xs",
          "sm",
          "md",
          "lg",
          "xl",
        ]
      }
    >
      <StaticTabNav
        data-spec="help-static-tab-nav"
        options={
          Array [
            Object {
              "href": "/help/tab1",
              "name": "Tab 1",
            },
            Object {
              "href": "/help/tab2",
              "name": "Tab 2",
            },
          ]
        }
      />
    </Col>
    <Col
      lg="9"
      tag="div"
      widths={
        Array [
          "xs",
          "sm",
          "md",
          "lg",
          "xl",
        ]
      }
      xs="12"
    >
      <Styled(TabContent)
        activeTab="tab1"
      >
        <AboutTrackerPane />
        <SupportGuidesPane />
        <FAQPane />
        <ContactPane />
      </Styled(TabContent)>
    </Col>
  </Row>
</div>
`;
