// Jest Snapshot v1, https://goo.gl/fbAQLP

exports[`rendering snapshots should render valid snapshot 1`] = `
<TabPane
  tabId="contact"
  tag="div"
>
  <Styled(Card)>
    <CardHeader
      tag="div"
    >
      <i
        className="fas fa-envelope"
      />
       Contact Me
    </CardHeader>
    <CardBody
      className="card-body"
      tag="div"
    >
      <p>
        Have a suggestion about the site? Encountered a bug? Want to just say hi or give me a hug? Click the button below to open an issue on GitHub with your message.
      </p>
      <div
        className="text-center"
      >
        <a
          className="btn btn-primary"
          href="https://github.com/blackjackkent/RPThreadTrackerV3.FrontEnd/issues/new"
          rel="noopener noreferrer"
          target="_blank"
        >
          Go to Github
        </a>
      </div>
      <br />
      <p>
        You can also visit the tracker
         
        <a
          href="http://tblrthreadtracker.tumblr.com"
          rel="noopener noreferrer"
          target="_blank"
        >
          support blogÂ 
        </a>
        to see if your question has recently been answered.
      </p>
    </CardBody>
  </Styled(Card)>
</TabPane>
`;
