// Jest Snapshot v1, https://goo.gl/fbAQLP

exports[`rendering snapshots should render valid snapshot 1`] = `
<Styled(Card)
  className="patreon-card"
>
  <CardHeader
    tag="div"
  >
    <i
      className="fas fa-dollar-sign"
    />
     Support Tracker Development
  </CardHeader>
  <CardBody
    className="card-body"
    tag="div"
  >
    <p>
      RPThreadTracker is always free, but user support helps keep it running!
    </p>
    <Row
      tag="div"
    >
      <Col
        sm="6"
        tag="div"
        widths={
          Array [
            "xs",
            "sm",
            "md",
            "lg",
            "xl",
          ]
        }
        xs="12"
      >
        <a
          className="btn btn-primary"
          data-patreon-widget-type="become-patron-button"
          href="https://www.patreon.com/bePatron?u=4797959"
        >
          Support the Tracker on Patreon!
        </a>
        <script
          async={true}
          src="https://c6.patreon.com/becomePatronButton.bundle.js"
        />
      </Col>
      <Col
        sm="6"
        tag="div"
        widths={
          Array [
            "xs",
            "sm",
            "md",
            "lg",
            "xl",
          ]
        }
        xs="12"
      >
        <div
          className="form-container"
        >
          <form
            action="https://www.paypal.com/cgi-bin/webscr"
            method="post"
            target="_blank"
          >
            <input
              name="cmd"
              type="hidden"
              value="_s-xclick"
            />
            <input
              name="encrypted"
              type="hidden"
              value="-----BEGIN PKCS7-----MIIHRwYJKoZIhvcNAQcEoIIHODCCBzQCAQExggEwMIIBLAIBADCBlDCBjjELMAkGA1UEBhMCVVMxCzAJBgNVBAgTAkNBMRYwFAYDVQQHEw1Nb3VudGFpbiBWaWV3MRQwEgYDVQQKEwtQYXlQYWwgSW5jLjETMBEGA1UECxQKbGl2ZV9jZXJ0czERMA8GA1UEAxQIbGl2ZV9hcGkxHDAaBgkqhkiG9w0BCQEWDXJlQHBheXBhbC5jb20CAQAwDQYJKoZIhvcNAQEBBQAEgYB595D2I9kDSrjdM+Nk9ZBxenwqxoXWGp4Bla0nb6eTbaHj0Oe2pbeEt6E6lREG5ByRmPt0c8hqcvR1vMirEO4Bc1Py/um5485ngsqjmWP3KmbNfypPGagYPRIodReyRhnvD5VtsTnvN85RuBxZf4Ux0LvN8p0NPqTqcOW1DTWpCzELMAkGBSsOAwIaBQAwgcQGCSqGSIb3DQEHATAUBggqhkiG9w0DBwQImX8NW7vC04eAgaBoTUimTnpY/cB3u0U/iwWg6qFXPMlnH3MjEy9W9ATg7IWuKlsOL+2UPj9wiVWGQV1Byqos4u9oK2sU0zH4LQ0BsQv/I4Tv1F/pQDJWeMGu4p7wvDA5UdJ/RdyuBpN16bcx1pmQrb4RYJoy1jauCLedXfJ2QwDE2I3aKZXJPy6s+WkUmRv2ujK6m8RMspbmI2ygwNKo/gRmX30TRAlm3BcooIIDhzCCA4MwggLsoAMCAQICAQAwDQYJKoZIhvcNAQEFBQAwgY4xCzAJBgNVBAYTAlVTMQswCQYDVQQIEwJDQTEWMBQGA1UEBxMNTW91bnRhaW4gVmlldzEUMBIGA1UEChMLUGF5UGFsIEluYy4xEzARBgNVBAsUCmxpdmVfY2VydHMxETAPBgNVBAMUCGxpdmVfYXBpMRwwGgYJKoZIhvcNAQkBFg1yZUBwYXlwYWwuY29tMB4XDTA0MDIxMzEwMTMxNVoXDTM1MDIxMzEwMTMxNVowgY4xCzAJBgNVBAYTAlVTMQswCQYDVQQIEwJDQTEWMBQGA1UEBxMNTW91bnRhaW4gVmlldzEUMBIGA1UEChMLUGF5UGFsIEluYy4xEzARBgNVBAsUCmxpdmVfY2VydHMxETAPBgNVBAMUCGxpdmVfYXBpMRwwGgYJKoZIhvcNAQkBFg1yZUBwYXlwYWwuY29tMIGfMA0GCSqGSIb3DQEBAQUAA4GNADCBiQKBgQDBR07d/ETMS1ycjtkpkvjXZe9k+6CieLuLsPumsJ7QC1odNz3sJiCbs2wC0nLE0uLGaEtXynIgRqIddYCHx88pb5HTXv4SZeuv0Rqq4+axW9PLAAATU8w04qqjaSXgbGLP3NmohqM6bV9kZZwZLR/klDaQGo1u9uDb9lr4Yn+rBQIDAQABo4HuMIHrMB0GA1UdDgQWBBSWn3y7xm8XvVk/UtcKG+wQ1mSUazCBuwYDVR0jBIGzMIGwgBSWn3y7xm8XvVk/UtcKG+wQ1mSUa6GBlKSBkTCBjjELMAkGA1UEBhMCVVMxCzAJBgNVBAgTAkNBMRYwFAYDVQQHEw1Nb3VudGFpbiBWaWV3MRQwEgYDVQQKEwtQYXlQYWwgSW5jLjETMBEGA1UECxQKbGl2ZV9jZXJ0czERMA8GA1UEAxQIbGl2ZV9hcGkxHDAaBgkqhkiG9w0BCQEWDXJlQHBheXBhbC5jb22CAQAwDAYDVR0TBAUwAwEB/zANBgkqhkiG9w0BAQUFAAOBgQCBXzpWmoBa5e9fo6ujionW1hUhPkOBakTr3YCDjbYfvJEiv/2P+IobhOGJr85+XHhN0v4gUkEDI8r2/rNk1m0GA8HKddvTjyGw/XqXa+LSTlDYkqI8OwR8GEYj4efEtcRpRYBxV8KxAW93YDWzFGvruKnnLbDAF6VR5w/cCMn5hzGCAZowggGWAgEBMIGUMIGOMQswCQYDVQQGEwJVUzELMAkGA1UECBMCQ0ExFjAUBgNVBAcTDU1vdW50YWluIFZpZXcxFDASBgNVBAoTC1BheVBhbCBJbmMuMRMwEQYDVQQLFApsaXZlX2NlcnRzMREwDwYDVQQDFAhsaXZlX2FwaTEcMBoGCSqGSIb3DQEJARYNcmVAcGF5cGFsLmNvbQIBADAJBgUrDgMCGgUAoF0wGAYJKoZIhvcNAQkDMQsGCSqGSIb3DQEHATAcBgkqhkiG9w0BCQUxDxcNMTgwNjI5MjAzMDU2WjAjBgkqhkiG9w0BCQQxFgQUV0+5G4TwWFHH9mMMlS8rmg03FHowDQYJKoZIhvcNAQEBBQAEgYBocjJjhgVI+WMbyMATbdiniNqC/EEXWZ7ZeWYzhlmvHXmxdlZ/2z8WjiIu6eYlGC/Pnh1x8BXcCwyMBsFhm23I/SDFhath/IdBPJ7EQHE88WLPH9zt9REuicKhYc8G19jjVHfWfV3L2aqL77T/ir4Y06x80HxbUVcbuUc0UtEIgA==-----END PKCS7-----"
            />
            <input
              alt="PayPal - The safer, easier way to pay online!"
              border="0"
              name="submit"
              src="https://www.paypalobjects.com/en_US/i/btn/btn_donateCC_LG.gif"
              type="image"
            />
            <img
              alt=""
              border="0"
              height="1"
              src="https://www.paypalobjects.com/en_US/i/scr/pixel.gif"
              width="1"
            />
          </form>
        </div>
      </Col>
    </Row>
  </CardBody>
</Styled(Card)>
`;
